// 同步 ID: b3ba48af @ Wed Jul 22 07:51:41 UTC 2026
// 同步 ID: 1429bf06 @ Wed Jul 22 17:18:12 UTC 2026
// 重构日志: 8d549e62
// 重构日志: e125db9d
// 重构日志: a954786e
// 同步 ID: f80207c0 @ Sat Jul 25 11:47:21 UTC 2026
// 同步 ID: 2b378de1 @ Mon Jul 27 01:30:29 UTC 2026
// 同步 ID: c6fd8c64 @ Mon Jul 27 12:57:51 UTC 2026
// 同步 ID: 4851533b @ Tue Jul 28 04:38:13 UTC 2026
// 重构日志: 97a83551
// 重构日志: e9baf9e9
// 重构日志: f9e012fd
// 同步 ID: 0933a0f7 @ Fri Jul 31 12:37:54 UTC 2026
// 重构日志: 6893fbc0
// 同步 ID: 2096630d @ Sat Aug  1 01:36:30 UTC 2026
// 同步 ID: b4f10482 @ Sat Aug  1 08:01:36 UTC 2026
// 重构日志: c2f70b86
// 重构日志: f4962869
// 同步 ID: 6ef588d0 @ Mon Aug  3 08:34:58 UTC 2026
// 重构日志: e7cea666
// 重构日志: 52bb8543
// 重构日志: 7244e8b6
// 重构日志: 093c8d2e
// 重构日志: 38a15c36
// 重构日志: 67c6f220
// 重构日志: af1f7cdb
// 重构日志: 66eb7d8d
// 重构日志: 6848c91e
// 同步 ID: 30828eed @ Fri Aug  7 12:45:48 UTC 2026
// 同步 ID: 6ee507c7 @ Sat Aug  8 05:29:46 UTC 2026
